■ 본실행 2회차 — 전체 42편 · 이미 한 것 0편 (그중 시운전에서 가져온 것 0편) · 남은 42편
  상한 $2.50 · 누적 $1.2081
  예상 약 1,392원 · 상한까지 남은 돈 약 1,873원

  [1/42] corpus_full 기본     S2 2회차  근거율 24.0% · 읽음 3.0×4 · 22.3초 · ⚠️ 인용0곳절 3
  [2/42] corpus_full 배정끔    S2 2회차  근거율 10.7% · 읽음 3.0×4 · 26.5초 · ⚠️ 인용0곳절 3
  [3/42] corpus_full 구역끔    S2 2회차  근거율 22.2% · 읽음 3.0×4 · 22.5초 · ⚠️ 인용0곳절 3
  [4/42] corpus_full 역할끔    S2 2회차  근거율 44.4% · 읽음 3.0×4 · 24.0초 · ⚠️ 인용0곳절 2
  [5/42] corpus_full 혼자     S2 2회차  근거율 43.5% · 읽음 12.0×1 · 48.1초 · 경보 없음
  [6/42] corpus_full 절예산4   S2 2회차  근거율 20.8% · 읽음 4.0×4 · 22.1초 · ⚠️ 인용0곳절 3
  [7/42] corpus_full 기본     M1 2회차  근거율 30.0% · 읽음 3.0×4 · 17.9초 · ⚠️ 인용0곳절 2
  [8/42] corpus_full 배정끔    M1 2회차  근거율 87.5% · 읽음 3.0×4 · 16.8초 · 경보 없음
  [9/42] corpus_full 구역끔    M1 2회차  근거율 69.2% · 읽음 3.0×4 · 21.1초 · ⚠️ 인용0곳절 1
  [10/42] corpus_full 역할끔    M1 2회차  근거율 68.0% · 읽음 3.0×4 · 18.8초 · ⚠️ 허위인용 1
  [11/42] corpus_full 혼자     M1 2회차  근거율 75.0% · 읽음 12.0×1 · 40.2초 · 경보 없음
  [12/42] corpus_full 절예산4   M1 2회차  근거율 50.0% · 읽음 4.0×4 · 19.6초 · ⚠️ 인용0곳절 1
  [13/42] corpus_full 기본     M7 2회차  근거율 69.2% · 읽음 3.0×4 · 21.7초 · ⚠️ 인용0곳절 1 · 허위인용 1
  [14/42] corpus_full 배정끔    M7 2회차  근거율 22.2% · 읽음 3.0×4 · 17.0초 · ⚠️ 인용0곳절 3
  [15/42] corpus_full 구역끔    M7 2회차  근거율 20.8% · 읽음 3.0×4 · 15.1초 · ⚠️ 인용0곳절 3
  [16/42] corpus_full 역할끔    M7 2회차  근거율 44.4% · 읽음 3.0×4 · 18.3초 · ⚠️ 인용0곳절 1
  [17/42] corpus_full 혼자     M7 2회차  근거율 100.0% · 읽음 12.0×1 · 40.9초 · 경보 없음
  [18/42] corpus_full 절예산4   M7 2회차  근거율 38.5% · 읽음 4.0×4 · 22.9초 · ⚠️ 인용0곳절 2
  [19/42] corpus_full 기본     M3 2회차  근거율 28.6% · 읽음 3.0×4 · 16.9초 · ⚠️ 인용0곳절 2 · 허위인용 1
  [20/42] corpus_full 배정끔    M3 2회차  근거율 48.3% · 읽음 3.0×4 · 17.0초 · ⚠️ 인용0곳절 1
  [21/42] corpus_full 구역끔    M3 2회차  근거율 44.0% · 읽음 3.0×4 · 17.6초 · ⚠️ 인용0곳절 2
  [22/42] corpus_full 역할끔    M3 2회차  근거율 52.0% · 읽음 3.0×4 · 19.5초 · ⚠️ 인용0곳절 1
  [23/42] corpus_full 혼자     M3 2회차  근거율 84.6% · 읽음 12.0×1 · 36.8초 · 경보 없음
  [24/42] corpus_full 절예산4   M3 2회차  근거율 20.8% · 읽음 4.0×4 · 22.7초 · ⚠️ 인용0곳절 3
  [25/42] corpus_full 기본     T1 2회차  근거율 50.0% · 읽음 3.0×4 · 17.5초 · ⚠️ 인용0곳절 1
  [26/42] corpus_full 배정끔    T1 2회차  근거율 42.3% · 읽음 3.0×4 · 17.9초 · ⚠️ 인용0곳절 1
  [27/42] corpus_full 구역끔    T1 2회차  근거율 63.6% · 읽음 3.0×4 · 16.0초 · ⚠️ 인용0곳절 1
  [28/42] corpus_full 역할끔    T1 2회차  근거율 46.4% · 읽음 3.0×4 · 22.1초 · ⚠️ 인용0곳절 1
  [29/42] corpus_full 혼자     T1 2회차  근거율 40.9% · 읽음 12.0×1 · 37.3초 · 경보 없음
  [30/42] corpus_full 절예산4   T1 2회차  근거율 63.0% · 읽음 4.0×4 · 22.5초 · ⚠️ 인용0곳절 1
  [31/42] corpus_full 기본     T5 2회차  근거율 18.8% · 읽음 3.0×4 · 17.9초 · ⚠️ 인용0곳절 3
  [32/42] corpus_full 배정끔    T5 2회차  근거율 44.4% · 읽음 3.0×4 · 18.7초 · ⚠️ 인용0곳절 1
  [33/42] corpus_full 구역끔    T5 2회차  근거율 42.9% · 읽음 3.0×4 · 16.5초 · ⚠️ 인용0곳절 2
  [34/42] corpus_full 역할끔    T5 2회차  근거율 76.0% · 읽음 3.0×4 · 17.8초 · 경보 없음
  [35/42] corpus_full 혼자     T5 2회차  근거율 92.3% · 읽음 12.0×1 · 34.6초 · 경보 없음
  [36/42] corpus_full 절예산4   T5 2회차  근거율 33.3% · 읽음 4.0×4 · 20.6초 · ⚠️ 인용0곳절 2
  [37/42] corpus      기본     S2 2회차  근거율 0.0% · 읽음 3.0×4 · 18.1초 · ⚠️ 인용0곳절 4
  [38/42] corpus      기본     M1 2회차  근거율 20.7% · 읽음 3.0×4 · 23.6초 · ⚠️ 인용0곳절 3
  [39/42] corpus      기본     M7 2회차  근거율 61.9% · 읽음 3.0×4 · 20.6초 · ⚠️ 인용0곳절 1
  [40/42] corpus      기본     M3 2회차  근거율 41.7% · 읽음 3.0×4 · 16.2초 · ⚠️ 인용0곳절 2
  [41/42] corpus      기본     T1 2회차  근거율 42.3% · 읽음 3.0×4 · 17.2초 · ⚠️ 인용0곳절 2
  [42/42] corpus      기본     T5 2회차  근거율 0.0% · 읽음 3.0×4 · 19.8초 · ⚠️ 인용0곳절 4

  이번에 쓴 돈 $0.7740 (약 1122원) · 누적 $1.9821 / 상한 $2.50
