■ 본실행 1회차 — 전체 42편 · 이미 한 것 6편 (그중 시운전에서 가져온 것 6편) · 남은 36편
  상한 $2.50 · 누적 $0.4675
  예상 약 1,192원 · 상한까지 남은 돈 약 2,947원

  [1/36] corpus_full 기본     S2 1회차  근거율 11.5% · 읽음 3.0×4 · 22.6초 · ⚠️ 인용0곳절 3
  [2/36] corpus_full 배정끔    S2 1회차  근거율 11.1% · 읽음 3.0×4 · 19.8초 · ⚠️ 인용0곳절 3
  [3/36] corpus_full 구역끔    S2 1회차  근거율 20.0% · 읽음 3.0×4 · 15.2초 · ⚠️ 인용0곳절 3
  [4/36] corpus_full 역할끔    S2 1회차  근거율 40.9% · 읽음 3.0×4 · 17.0초 · ⚠️ 인용0곳절 2
  [5/36] corpus_full 혼자     S2 1회차  근거율 0.0% · 읽음 12.0×1 · 39.8초 · ⚠️ 인용0곳절 1
  [6/36] corpus_full 절예산4   S2 1회차  근거율 32.0% · 읽음 4.0×4 · 17.6초 · ⚠️ 인용0곳절 2
  [7/36] corpus_full 기본     M7 1회차  근거율 34.6% · 읽음 3.0×4 · 14.6초 · ⚠️ 인용0곳절 2
  [8/36] corpus_full 배정끔    M7 1회차  근거율 27.6% · 읽음 3.0×4 · 16.1초 · ⚠️ 인용0곳절 2
  [9/36] corpus_full 구역끔    M7 1회차  근거율 44.0% · 읽음 3.0×4 · 16.9초 · ⚠️ 인용0곳절 2
  [10/36] corpus_full 역할끔    M7 1회차  근거율 27.6% · 읽음 3.0×4 · 24.2초 · ⚠️ 인용0곳절 2
  [11/36] corpus_full 혼자     M7 1회차  근거율 92.3% · 읽음 12.0×1 · 35.4초 · 경보 없음
  [12/36] corpus_full 절예산4   M7 1회차  근거율 57.1% · 읽음 4.0×4 · 23.4초 · ⚠️ 인용0곳절 1
  [13/36] corpus_full 기본     M3 1회차  근거율 54.2% · 읽음 3.0×4 · 23.6초 · ⚠️ 인용0곳절 1
  [14/36] corpus_full 배정끔    M3 1회차  근거율 58.6% · 읽음 3.0×4 · 19.2초 · ⚠️ 인용0곳절 1
  [15/36] corpus_full 구역끔    M3 1회차  근거율 37.5% · 읽음 3.0×4 · 17.1초 · ⚠️ 인용0곳절 2
  [16/36] corpus_full 역할끔    M3 1회차  근거율 58.3% · 읽음 3.0×4 · 22.0초 · ⚠️ 인용0곳절 1
  [17/36] corpus_full 혼자     M3 1회차  근거율 85.7% · 읽음 12.0×1 · 37.7초 · 경보 없음
  [18/36] corpus_full 절예산4   M3 1회차  근거율 40.0% · 읽음 4.0×4 · 23.1초 · ⚠️ 인용0곳절 2
  [19/36] corpus_full 기본     T1 1회차  근거율 50.0% · 읽음 3.0×1 · 19.9초 · 경보 없음
  [20/36] corpus_full 배정끔    T1 1회차  근거율 50.0% · 읽음 3.0×1 · 16.6초 · 경보 없음
  [21/36] corpus_full 구역끔    T1 1회차  근거율 81.8% · 읽음 3.0×2 · 15.6초 · 경보 없음
  [22/36] corpus_full 역할끔    T1 1회차  근거율 38.5% · 읽음 3.0×4 · 16.0초 · ⚠️ 인용0곳절 1
  [23/36] corpus_full 혼자     T1 1회차  근거율 28.6% · 읽음 12.0×1 · 38.7초 · 경보 없음
  [24/36] corpus_full 절예산4   T1 1회차  근거율 70.0% · 읽음 4.0×2 · 18.2초 · 경보 없음
  [25/36] corpus_full 기본     T5 1회차  근거율 25.0% · 읽음 3.0×4 · 19.9초 · ⚠️ 인용0곳절 1 · 허위인용 1
  [26/36] corpus_full 배정끔    T5 1회차  근거율 37.0% · 읽음 3.0×4 · 17.1초 · ⚠️ 인용0곳절 2
  [27/36] corpus_full 구역끔    T5 1회차  근거율 37.0% · 읽음 3.0×4 · 18.5초 · ⚠️ 인용0곳절 2
  [28/36] corpus_full 역할끔    T5 1회차  근거율 80.8% · 읽음 3.0×4 · 18.4초 · 경보 없음
  [29/36] corpus_full 혼자     T5 1회차  근거율 93.3% · 읽음 12.0×1 · 37.3초 · 경보 없음
  [30/36] corpus_full 절예산4   T5 1회차  근거율 13.3% · 읽음 4.0×4 · 21.1초 · ⚠️ 인용0곳절 3
  [31/36] corpus      기본     S2 1회차  근거율 19.2% · 읽음 3.0×4 · 17.4초 · ⚠️ 인용0곳절 2
  [32/36] corpus      기본     M1 1회차  근거율 57.1% · 읽음 3.0×4 · 16.9초 · ⚠️ 인용0곳절 1
  [33/36] corpus      기본     M7 1회차  근거율 40.0% · 읽음 3.0×4 · 17.4초 · ⚠️ 인용0곳절 2
  [34/36] corpus      기본     M3 1회차  근거율 20.8% · 읽음 3.0×4 · 16.1초 · ⚠️ 인용0곳절 3
  [35/36] corpus      기본     T1 1회차  근거율 22.2% · 읽음 3.0×3 · 17.0초 · ⚠️ 인용0곳절 2
  [36/36] corpus      기본     T5 1회차  근거율 83.3% · 읽음 3.0×1 · 15.9초 · 경보 없음

  이번에 쓴 돈 $0.6389 (약 926원) · 누적 $1.1064 / 상한 $2.50
■ 본실행 1회차 — 전체 42편 · 이미 한 것 36편 (그중 시운전에서 가져온 것 6편) · 남은 6편
  상한 $2.50 · 누적 $1.1064
  예상 약 202원 · 상한까지 남은 돈 약 2,021원

  [1/6] corpus_full 기본     T1 1회차  근거율 56.7% · 읽음 3.0×4 · 26.2초 · ⚠️ 인용0곳절 1
  [2/6] corpus_full 배정끔    T1 1회차  근거율 26.9% · 읽음 3.0×4 · 18.9초 · ⚠️ 인용0곳절 2
  [3/6] corpus_full 구역끔    T1 1회차  근거율 60.0% · 읽음 3.0×4 · 17.6초 · ⚠️ 인용0곳절 1
  [4/6] corpus_full 절예산4   T1 1회차  근거율 63.0% · 읽음 4.0×4 · 19.7초 · ⚠️ 인용0곳절 1
  [5/6] corpus      기본     T1 1회차  근거율 50.0% · 읽음 3.0×4 · 16.7초 · ⚠️ 인용0곳절 1
  [6/6] corpus      기본     T5 1회차  근거율 10.0% · 읽음 3.0×4 · 16.5초 · ⚠️ 인용0곳절 3

  이번에 쓴 돈 $0.1017 (약 148원) · 누적 $1.2081 / 상한 $2.50
